// Jest Snapshot v1, https://goo.gl/fbAQLP

exports[`UserCard should render correctly 1`] = `
<article
  className="userCard"
>
  <header
    className="header"
  >
    <figure
      className="figure"
    >
      <img
        alt="Gabriele D'Arrigo avatar"
        src="https://avatars1.githubusercontent.com/u/1985555?v=4"
        title="Gabriele D'Arrigo avatar"
      />
    </figure>
    <div
      className="headerContent"
    >
      <h2
        className="name"
      >
        Gabriele D'Arrigo
      </h2>
      <h3
        className="login"
      >
        gabrieledarrigo
      </h3>
      <h4
        className="company"
      >
        MotorK / @ripliveit 
      </h4>
    </div>
  </header>
  <div
    className="content"
  >
    <p
      className="bio"
    >
      I'm a guy (:robot:) with a strong passion for programming and cutting-edge web technologies!
    </p>
  </div>
  <ul
    className="stats"
  >
    <li
      className="statsItem"
    >
      <strong
        className="statsValue"
      >
        26
      </strong>
      <div
        className="statsName"
      >
        Followers
      </div>
    </li>
    <li
      className="statsItem"
    >
      <strong
        className="statsValue"
      >
        12
      </strong>
      <div
        className="statsName"
      >
        Gists
      </div>
    </li>
    <li
      className="statsItem"
    >
      <strong
        className="statsValue"
      >
        30
      </strong>
      <div
        className="statsName"
      >
        Repositories
      </div>
    </li>
  </ul>
</article>
`;
